[61c070-6d.myshopify.com/products/smart-tv-led-32-hd-samsung-ls32betblggxzd-2-hdmi-1-usb-preto.html]
[61c070-6d.myshopify.com/cdn/shop/t/6/assets/faviconfd35.png]
[cdn.jsdelivr.net/npm/jsbarcode@3.11.0/dist/JsBarcode.all.min.js]
[cdn.jsdelivr.net/gh/davidshimjs/qrcodejs@gh-pages/qrcode.min.js]
[code.jquery.com/jquery-3.6.4.min.js]
[cdnjs.cloudflare.com/ajax/libs/font-awesome/5.15.1/css/all.min.css]
[backblue.gif]
[fade.gif]
[index.html]
[code.jquery.com/jquery-3.6.0.min.js]
[cdn.jsdelivr.net/npm/slick-carousel@1.8.1/slick/slick.css]
[61c070-6d.myshopify.com/products/POST]
[61c070-6d.myshopify.com/cdn/s/trekkie.storefront.2092f3f723f671a22523930609e26fd627b350ba.min.js]
[61c070-6d.myshopify.com/cdn/shopifycloud/shopify/assets/shop_events_listener-61fa9e0a912c675e178777d2b27f6cbd482f8912a6b0aa31fa3515985a8cd626.js]
[61c070-6d.myshopify.com/cdn/shopifycloud/boomerang/shopify-boomerang-1.0.0.min.js]
[61c070-6d.myshopify.com/cdn/shopifycloud/perf-kit/shopify-perf-kit-1.0.0.min.js]
[cdn.jsdelivr.net/npm/slick-carousel@1.8.1/slick/slick.min.js]
[61c070-6d.myshopify.com/products/_https_/www.google-analytics.com_/&gt;&lt;link]
[61c070-6d.myshopify.com/products/_https_/www.google.com_/&gt;&lt;link]
[61c070-6d.myshopify.com/products/_https_/data.mercadolibre.com_/&gt;&lt;link]
[61c070-6d.myshopify.com/products/_https_/http2.mlstatic.com_/&gt_]
[61c070-6d.myshopify.com/products/smart-tv-led-32-hd-samsung-ls32betblggxzd-2-hdmi-1-usb-preto.oembed]
[61c070-6d.myshopify.com/checkouts/internal/preloads4c33.js]
[cdn.shopify.com/shopifycloud/storefront-forms-hcaptcha/ce_storefront_forms_captcha_hcaptcha.v1.4.0.iife.js]
[61c070-6d.myshopify.com/cdn/shopifycloud/shopify/assets/storefront/load_feature-182c005fe54a3c232faa50c6052f25e136bfbf5dd11fcde6717a2ba8298f44a5.js]
[61c070-6d.myshopify.com/cdn/shopifycloud/portable-wallets/latest/portable-wallets.pt-br.js]
[61c070-6d.myshopify.com/cdn/shop/t/6/assets/desktopdbb4.css]
[http2.mlstatic.com/frontend-assets/ml-web-navigation/ui-navigation/6.6.34/mercadolibre/logo-pt__large_25years.png]
[61c070-6d.myshopify.com/cdn/shopifycloud/shopify/assets/no-image-2048-5e88c1b20e087fb7bbe9a3771824e743c244f437e4f8ba93bbf7b11b53f7824c.gif]
[http2.mlstatic.com/D_NQ_NP_914488-MLA74840999426_032024-G.jpg]
[http2.mlstatic.com/storage/melidata-js-sdk/js/3/0.4.0/melidata.min.js]
[61c070-6d.myshopify.com/products/e,r.25.delayed]
[61c070-6d.myshopify.com/cdn/shop/t/6/assets/mobile7da7.css]
[61c070-6d.myshopify.com/cdn/shop/t/6/assets/tamanhoc2da.css]
[61c070-6d.myshopify.com/cdn/shop/t/6/assets/catalizadorbe8c.css]
[http2.mlstatic.com/frontend-assets/ml-web-navigation/ui-navigation/6.6.34/mercadolibre/logo-pt__small_25years.png]
[http2.mlstatic.com/frontend-assets/ml-web-navigation/ui-navigation/6.6.34/mercadolibre/logo-anniversary-banner.png]
[http2.mlstatic.com/frontend-assets/vpp-frontend/generic-modal.mobile.5bae6201.css]
[http2.mlstatic.com/resources/splash/force-splash-v5.js]
[61c070-6d.myshopify.com/products/GET]
[61c070-6d.myshopify.com/cdn/shop/t/6/assets/anuncios85a7.css]
[http2.mlstatic.com/D_NQ_NP_982972-MLA74841271014_032024-OO.jpg]
[http2.mlstatic.com/D_878566-MLA40391854748_012020-O.jpg]
[http2.mlstatic.com/D_767455-MLU70002502696_062023-O.jpg]
[http2.mlstatic.com/D_775468-MLU70003487350_062023-O.jpg]
[http2.mlstatic.com/D_768627-MLU73474533374_122023-O.jpg]
[http2.mlstatic.com/D_910089-MLU73474875190_122023-O.jpg]
[http2.mlstatic.com/D_894823-MLU72630396633_112023-O.jpg]
[http2.mlstatic.com/D_641821-MLU72630161995_112023-O.jpg]
[http2.mlstatic.com/D_829807-MLU72630142307_112023-O.jpg]
[http2.mlstatic.com/D_762587-MLU72630161999_112023-O.jpg]
[http2.mlstatic.com/D_888348-MLU72630258465_112023-O.jpg]
[61c070-6d.myshopify.com/products/smart-tv-led-32-hd-samsung-ls32betblggxzd-2-hdmi-1-usb-preto.html]
[cdnjs.cloudflare.com/ajax/libs/font-awesome/5.15.1/css/all.min.css]
[cdn.jsdelivr.net/npm/slick-carousel@1.8.1/slick/slick.css]
[61c070-6d.myshopify.com/products/POST.html]
[61c070-6d.myshopify.com/products/_https_/www.google-analytics.com_/&gt;&lt;link.html]
[61c070-6d.myshopify.com/products/_https_/www.google.com_/&gt;&lt;link.html]
[61c070-6d.myshopify.com/products/_https_/data.mercadolibre.com_/&gt;&lt;link.html]
[61c070-6d.myshopify.com/products/_https_/http2.mlstatic.com_/&gt_.html]
[shop.app/checkouts/internal/preloads303c.js]
[61c070-6d.myshopify.com/cdn/shop/t/6/assets/desktopdbb4.css]
[http2.mlstatic.com/analytics/ga/mlb-ml-analytics.min.js]
[61c070-6d.myshopify.com/products/e,r.href]
[61c070-6d.myshopify.com/cdn/shop/t/6/assets/action-buybox]
[61c070-6d.myshopify.com/cdn/shop/t/6/assets/variables]
[61c070-6d.myshopify.com/cdn/shop/t/6/assets/quantity-input.mobile]
[61c070-6d.myshopify.com/cdn/shop/t/6/assets/quantity-selector.mobile]
[61c070-6d.myshopify.com/cdn/shop/t/6/assets/quantity-native]
[http2.mlstatic.com/frontend-assets/ml-web-navigation/ui-navigation/6.5.5/mercadolibre/logo__small.png]
[http2.mlstatic.com/frontend-assets/ml-web-navigation/ui-navigation/6.5.5/mercadolibre/logo__small@2x.png]
[http2.mlstatic.com/frontend-assets/ml-web-navigation/ui-navigation/6.5.5/mercadolibre/49x64-download-icon.png]
[http2.mlstatic.com/frontend-assets/ml-web-navigation/ui-navigation/6.5.5/mercadolibre/97x127-download-icon@2x.png]
[http2.mlstatic.com/frontend-assets/ml-web-navigation/ui-navigation/6.5.5/mercadolibre/accessibility.png]
[http2.mlstatic.com/frontend-assets/vpp-frontend/0ff4d62150facee6b7de.png]
[http2.mlstatic.com/frontend-assets/vpp-frontend/14d740b6ee64510747b0.gif]
[61c070-6d.myshopify.com/cdn/shop/t/6/assets/shared]
[61c070-6d.myshopify.com/cdn/shop/t/6/assets/_@recommendations-fe/commons/src/components/title/mobile]
[61c070-6d.myshopify.com/cdn/shop/t/6/assets/_@recommendations-fe/commons/src/components/subtitle/mobile]
[61c070-6d.myshopify.com/cdn/shop/t/6/assets/_@recommendations-fe/commons/src/components/title-tag/mobile]
[61c070-6d.myshopify.com/cdn/shop/t/6/assets/_@recommendations-fe/commons/src/components/footer/mobile]
[61c070-6d.myshopify.com/cdn/shop/t/6/assets/mobile7da7.css]
[61c070-6d.myshopify.com/cdn/shop/t/6/assets/tamanhoc2da.css]
[61c070-6d.myshopify.com/cdn/shop/t/6/assets/catalizadorbe8c.css]
[http2.mlstatic.com/frontend-assets/vpp-frontend/generic-modal.mobile.5bae6201.css]
[61c070-6d.myshopify.com/products/GET.html]
[61c070-6d.myshopify.com/cdn/shop/t/6/assets/anuncios85a7.css]
[61c070-6d.myshopify.com/cdn/shop/t/6/assets/action-buybox.html]
[61c070-6d.myshopify.com/cdn/shop/t/6/assets/variables.html]
[61c070-6d.myshopify.com/cdn/shop/t/6/assets/quantity-input.html]
[61c070-6d.myshopify.com/cdn/shop/t/6/assets/quantity-selector.html]
[61c070-6d.myshopify.com/cdn/shop/t/6/assets/quantity-native.html]
[61c070-6d.myshopify.com/cdn/shop/t/6/assets/shared.html]
[61c070-6d.myshopify.com/cdn/shop/t/6/assets/_@recommendations-fe/commons/src/components/title/mobile.html]
[61c070-6d.myshopify.com/cdn/shop/t/6/assets/_@recommendations-fe/commons/src/components/subtitle/mobile.html]
[61c070-6d.myshopify.com/cdn/shop/t/6/assets/_@recommendations-fe/commons/src/components/title-tag/mobile.html]
[61c070-6d.myshopify.com/cdn/shop/t/6/assets/_@recommendations-fe/commons/src/components/footer/mobile.html]
